#-----------------------------------------------------------
# Vivado v2025.2 (64-bit)
# SW Build 6299465 on Fri Nov 14 19:35:11 GMT 2025
# IP Build 6300035 on Fri Nov 14 10:48:45 MST 2025
# SharedData Build 6298862 on Thu Nov 13 04:50:51 MST 2025
# Start of session at: Sat May 23 22:24:19 2026
# Process ID         : 18020
# Current directory  : C:/riscv-xmac-pipeline
# Command line       : vivado.exe -gui_launcher_event rodinguilauncherevent10872 C:\Users\User\project_2\project_2.xpr
# Log file           : C:/riscv-xmac-pipeline/vivado.log
# Journal file       : C:/riscv-xmac-pipeline\vivado.jou
# Running On         : Yazhini-saraswathy
# Platform           : Windows Server 2016 or Windows 10
# Operating System   : 26200
# Processor Detail   : Intel(R) Core(TM) i5-10310U CPU @ 1.70GHz
# CPU Frequency      : 2208 MHz
# CPU Physical cores : 4
# CPU Logical cores  : 8
# Host memory        : 16920 MB
# Swap memory        : 1073 MB
# Total Virtual      : 17993 MB
# Available Virtual  : 5196 MB
#-----------------------------------------------------------
start_gui
open_project C:/Users/User/project_2/project_2.xpr
